Archive member included because of file (symbol)

c:/other/atmel/atmel studio 6.0/extensions/atmel/avrgcc/3.4.0.65/avrtoolchain/bin/../lib/gcc/avr/4.6.2/../../../../avr/lib\libpololu_atmega328p.a(OrangutanAnalog.o)
                              main.o (read_trimpot)
c:/other/atmel/atmel studio 6.0/extensions/atmel/avrgcc/3.4.0.65/avrtoolchain/bin/../lib/gcc/avr/4.6.2/../../../../avr/lib\libpololu_atmega328p.a(OrangutanBuzzer.o)
                              main.o (play)
c:/other/atmel/atmel studio 6.0/extensions/atmel/avrgcc/3.4.0.65/avrtoolchain/bin/../lib/gcc/avr/4.6.2/../../../../avr/lib\libpololu_atmega328p.a(OrangutanLCD.o)
                              main.o (lcd_goto_xy)
c:/other/atmel/atmel studio 6.0/extensions/atmel/avrgcc/3.4.0.65/avrtoolchain/bin/../lib/gcc/avr/4.6.2/../../../../avr/lib\libpololu_atmega328p.a(OrangutanMotors.o)
                              main.o (set_m1_speed)
c:/other/atmel/atmel studio 6.0/extensions/atmel/avrgcc/3.4.0.65/avrtoolchain/bin/../lib/gcc/avr/4.6.2/../../../../avr/lib\libpololu_atmega328p.a(OrangutanSerial.o)
                              main.o (serial_receive_ring)
c:/other/atmel/atmel studio 6.0/extensions/atmel/avrgcc/3.4.0.65/avrtoolchain/bin/../lib/gcc/avr/4.6.2/../../../../avr/lib\libpololu_atmega328p.a(OrangutanTime.o)
                              c:/other/atmel/atmel studio 6.0/extensions/atmel/avrgcc/3.4.0.65/avrtoolchain/bin/../lib/gcc/avr/4.6.2/../../../../avr/lib\libpololu_atmega328p.a(OrangutanLCD.o) (delay_ms)
c:/other/atmel/atmel studio 6.0/extensions/atmel/avrgcc/3.4.0.65/avrtoolchain/bin/../lib/gcc/avr/4.6.2/../../../../avr/lib\libpololu_atmega328p.a(Pololu3pi.o)
                              main.o (read_line)
c:/other/atmel/atmel studio 6.0/extensions/atmel/avrgcc/3.4.0.65/avrtoolchain/bin/../lib/gcc/avr/4.6.2/../../../../avr/lib\libpololu_atmega328p.a(PololuQTRSensors.o)
                              c:/other/atmel/atmel studio 6.0/extensions/atmel/avrgcc/3.4.0.65/avrtoolchain/bin/../lib/gcc/avr/4.6.2/../../../../avr/lib\libpololu_atmega328p.a(Pololu3pi.o) (PololuQTRSensors::emittersOff())
c:/other/atmel/atmel studio 6.0/extensions/atmel/avrgcc/3.4.0.65/avrtoolchain/bin/../lib/gcc/avr/4.6.2/avr5\libgcc.a(_mulsi3.o)
                              c:/other/atmel/atmel studio 6.0/extensions/atmel/avrgcc/3.4.0.65/avrtoolchain/bin/../lib/gcc/avr/4.6.2/../../../../avr/lib\libpololu_atmega328p.a(OrangutanAnalog.o) (__mulsi3)
c:/other/atmel/atmel studio 6.0/extensions/atmel/avrgcc/3.4.0.65/avrtoolchain/bin/../lib/gcc/avr/4.6.2/avr5\libgcc.a(_udivmodqi4.o)
                              c:/other/atmel/atmel studio 6.0/extensions/atmel/avrgcc/3.4.0.65/avrtoolchain/bin/../lib/gcc/avr/4.6.2/../../../../avr/lib\libpololu_atmega328p.a(OrangutanBuzzer.o) (__udivmodqi4)
c:/other/atmel/atmel studio 6.0/extensions/atmel/avrgcc/3.4.0.65/avrtoolchain/bin/../lib/gcc/avr/4.6.2/avr5\libgcc.a(_udivmodhi4.o)
                              c:/other/atmel/atmel studio 6.0/extensions/atmel/avrgcc/3.4.0.65/avrtoolchain/bin/../lib/gcc/avr/4.6.2/../../../../avr/lib\libpololu_atmega328p.a(OrangutanAnalog.o) (__udivmodhi4)
c:/other/atmel/atmel studio 6.0/extensions/atmel/avrgcc/3.4.0.65/avrtoolchain/bin/../lib/gcc/avr/4.6.2/avr5\libgcc.a(_divmodhi4.o)
                              main.o (__divmodhi4)
c:/other/atmel/atmel studio 6.0/extensions/atmel/avrgcc/3.4.0.65/avrtoolchain/bin/../lib/gcc/avr/4.6.2/avr5\libgcc.a(_udivmodsi4.o)
                              c:/other/atmel/atmel studio 6.0/extensions/atmel/avrgcc/3.4.0.65/avrtoolchain/bin/../lib/gcc/avr/4.6.2/../../../../avr/lib\libpololu_atmega328p.a(OrangutanAnalog.o) (__udivmodsi4)
c:/other/atmel/atmel studio 6.0/extensions/atmel/avrgcc/3.4.0.65/avrtoolchain/bin/../lib/gcc/avr/4.6.2/avr5\libgcc.a(_divmodsi4.o)
                              c:/other/atmel/atmel studio 6.0/extensions/atmel/avrgcc/3.4.0.65/avrtoolchain/bin/../lib/gcc/avr/4.6.2/../../../../avr/lib\libpololu_atmega328p.a(OrangutanBuzzer.o) (__divmodsi4)
c:/other/atmel/atmel studio 6.0/extensions/atmel/avrgcc/3.4.0.65/avrtoolchain/bin/../lib/gcc/avr/4.6.2/avr5\libgcc.a(_prologue.o)
                              c:/other/atmel/atmel studio 6.0/extensions/atmel/avrgcc/3.4.0.65/avrtoolchain/bin/../lib/gcc/avr/4.6.2/../../../../avr/lib\libpololu_atmega328p.a(OrangutanBuzzer.o) (__prologue_saves__)
c:/other/atmel/atmel studio 6.0/extensions/atmel/avrgcc/3.4.0.65/avrtoolchain/bin/../lib/gcc/avr/4.6.2/avr5\libgcc.a(_epilogue.o)
                              c:/other/atmel/atmel studio 6.0/extensions/atmel/avrgcc/3.4.0.65/avrtoolchain/bin/../lib/gcc/avr/4.6.2/../../../../avr/lib\libpololu_atmega328p.a(OrangutanBuzzer.o) (__epilogue_restores__)
c:/other/atmel/atmel studio 6.0/extensions/atmel/avrgcc/3.4.0.65/avrtoolchain/bin/../lib/gcc/avr/4.6.2/avr5\libgcc.a(_exit.o)
                              c:/other/atmel/atmel studio 6.0/extensions/atmel/avrgcc/3.4.0.65/avrtoolchain/bin/../lib/gcc/avr/4.6.2/../../../../avr/lib/avr5/crtm328p.o (exit)
[...]
Memory Configuration

Name             Origin             Length             Attributes
text             0x00000000         0x00020000         xr
data             0x00800060         0x0000ffa0         rw !x
eeprom           0x00810000         0x00010000         rw !x
fuse             0x00820000         0x00000400         rw !x
lock             0x00830000         0x00000400         rw !x
signature        0x00840000         0x00000400         rw !x
*default*        0x00000000         0xffffffff

Linker script and memory map

Address of section .data set to 0x800100
LOAD c:/other/atmel/atmel studio 6.0/extensions/atmel/avrgcc/3.4.0.65/avrtoolchain/bin/../lib/gcc/avr/4.6.2/../../../../avr/lib/avr5/crtm328p.o
LOAD main.o
START GROUP
LOAD c:/other/atmel/atmel studio 6.0/extensions/atmel/avrgcc/3.4.0.65/avrtoolchain/bin/../lib/gcc/avr/4.6.2/../../../../avr/lib/avr5\libm.a
END GROUP
LOAD c:/other/atmel/atmel studio 6.0/extensions/atmel/avrgcc/3.4.0.65/avrtoolchain/bin/../lib/gcc/avr/4.6.2/../../../../avr/lib\libpololu_atmega328p.a
LOAD c:/other/atmel/atmel studio 6.0/extensions/atmel/avrgcc/3.4.0.65/avrtoolchain/bin/../lib/gcc/avr/4.6.2/avr5\libgcc.a
LOAD c:/other/atmel/atmel studio 6.0/extensions/atmel/avrgcc/3.4.0.65/avrtoolchain/bin/../lib/gcc/avr/4.6.2/../../../../avr/lib/avr5\libc.a
LOAD c:/other/atmel/atmel studio 6.0/extensions/atmel/avrgcc/3.4.0.65/avrtoolchain/bin/../lib/gcc/avr/4.6.2/avr5\libgcc.a

.hash
 *(.hash)

.dynsym
 *(.dynsym)

.dynstr
 *(.dynstr)

.gnu.version
 *(.gnu.version)

.gnu.version_d
 *(.gnu.version_d)

.gnu.version_r
 *(.gnu.version_r)

.rel.init
 *(.rel.init)

.rela.init
 *(.rela.init)

.rel.text
 *(.rel.text)
 *(.rel.text.*)
 *(.rel.gnu.linkonce.t*)

.rela.text
 *(.rela.text)
 *(.rela.text.*)
 *(.rela.gnu.linkonce.t*)

.rel.fini
 *(.rel.fini)

.rela.fini
 *(.rela.fini)

.rel.rodata
 *(.rel.rodata)
 *(.rel.rodata.*)
 *(.rel.gnu.linkonce.r*)

.rela.rodata
 *(.rela.rodata)
 *(.rela.rodata.*)
 *(.rela.gnu.linkonce.r*)

.rel.data
 *(.rel.data)
 *(.rel.data.*)
 *(.rel.gnu.linkonce.d*)

.rela.data
 *(.rela.data)
 *(.rela.data.*)
 *(.rela.gnu.linkonce.d*)

.rel.ctors
 *(.rel.ctors)

.rela.ctors
 *(.rela.ctors)

.rel.dtors
 *(.rel.dtors)

.rela.dtors
 *(.rela.dtors)

.rel.got
 *(.rel.got)

.rela.got
 *(.rela.got)

.rel.bss
 *(.rel.bss)

.rela.bss
 *(.rela.bss)

.rel.plt
 *(.rel.plt)

.rela.plt
 *(.rela.plt)

.text           0x00000000     0x2b40
 *(.vectors)
 .vectors       0x00000000       0x68 c:/other/atmel/atmel studio 6.0/extensions/atmel/avrgcc/3.4.0.65/avrtoolchain/bin/../lib/gcc/avr/4.6.2/../../../../avr/lib/avr5/crtm328p.o
                0x00000000                __vector_default
                0x00000000                __vectors
 *(.vectors)
 *(.progmem.gcc*)
 .progmem.gcc_sw_table
                0x00000068      0x18e main.o
 .progmem.gcc_sw_table
                0x000001f6       0x18 c:/other/atmel/atmel studio 6.0/extensions/atmel/avrgcc/3.4.0.65/avrtoolchain/bin/../lib/gcc/avr/4.6.2/../../../../avr/lib\libpololu_atmega328p.a(OrangutanBuzzer.o)
 *(.progmem*)
                0x0000020e                . = ALIGN (0x2)
                0x0000020e                __trampolines_start = .
 *(.trampolines)
 .trampolines   0x0000020e        0x0 linker stubs
 *(.trampolines*)
                0x0000020e                __trampolines_end = .
 *(.jumptables)
 *(.jumptables*)
 *(.lowtext)
 *(.lowtext*)
                0x0000020e                __ctors_start = .
 *(.ctors)
 .ctors         0x0000020e        0x2 c:/other/atmel/atmel studio 6.0/extensions/atmel/avrgcc/3.4.0.65/avrtoolchain/bin/../lib/gcc/avr/4.6.2/../../../../avr/lib\libpololu_atmega328p.a(Pololu3pi.o)
                0x00000210                __ctors_end = .
                0x00000210                __dtors_start = .
 *(.dtors)
 .dtors         0x00000210        0x2 c:/other/atmel/atmel studio 6.0/extensions/atmel/avrgcc/3.4.0.65/avrtoolchain/bin/../lib/gcc/avr/4.6.2/../../../../avr/lib\libpololu_atmega328p.a(Pololu3pi.o)
                0x00000212                __dtors_end = .
 SORT(*)(.ctors)
 SORT(*)(.dtors)
 *(.init0)
 .init0         0x00000212        0x0 c:/other/atmel/atmel studio 6.0/extensions/atmel/avrgcc/3.4.0.65/avrtoolchain/bin/../lib/gcc/avr/4.6.2/../../../../avr/lib/avr5/crtm328p.o
                0x00000212                __init
 *(.init0)
 *(.init1)
 *(.init1)
 *(.init2)
 .init2         0x00000212        0xc c:/other/atmel/atmel studio 6.0/extensions/atmel/avrgcc/3.4.0.65/avrtoolchain/bin/../lib/gcc/avr/4.6.2/../../../../avr/lib/avr5/crtm328p.o
 *(.init2)
 *(.init3)
 *(.init3)
 *(.init4)
 .init4         0x0000021e       0x16 c:/other/atmel/atmel studio 6.0/extensions/atmel/avrgcc/3.4.0.65/avrtoolchain/bin/../lib/gcc/avr/4.6.2/avr5\libgcc.a(_copy_data.o)
                0x0000021e                __do_copy_data
 .init4         0x00000234       0x10 c:/other/atmel/atmel studio 6.0/extensions/atmel/avrgcc/3.4.0.65/avrtoolchain/bin/../lib/gcc/avr/4.6.2/avr5\libgcc.a(_clear_bss.o)
                0x00000234                __do_clear_bss
 *(.init4)
 *(.init5)
 *(.init5)
 *(.init6)
 .init6         0x00000244       0x16 c:/other/atmel/atmel studio 6.0/extensions/atmel/avrgcc/3.4.0.65/avrtoolchain/bin/../lib/gcc/avr/4.6.2/avr5\libgcc.a(_ctors.o)
                0x00000244                __do_global_ctors
 *(.init6)
 *(.init7)
 *(.init7)
 *(.init8)
 *(.init8)
 *(.init9)
 .init9         0x0000025a        0x8 c:/other/atmel/atmel studio 6.0/extensions/atmel/avrgcc/3.4.0.65/avrtoolchain/bin/../lib/gcc/avr/4.6.2/../../../../avr/lib/avr5/crtm328p.o
 *(.init9)
 *(.text)
 .text          0x00000262        0x4 c:/other/atmel/atmel studio 6.0/extensions/atmel/avrgcc/3.4.0.65/avrtoolchain/bin/../lib/gcc/avr/4.6.2/../../../../avr/lib/avr5/crtm328p.o
                0x00000262                __vector_22
                0x00000262                __vector_1
                0x00000262                __vector_24
                0x00000262                __vector_12
                0x00000262                __bad_interrupt
                0x00000262                __vector_6
                0x00000262                __vector_3
                0x00000262                __vector_23
                0x00000262                __vector_25
                0x00000262                __vector_11
                0x00000262                __vector_17
                0x00000262                __vector_7
                0x00000262                __vector_5
                0x00000262                __vector_4
                0x00000262                __vector_2
                0x00000262                __vector_21
                0x00000262                __vector_15
                0x00000262                __vector_8
                0x00000262                __vector_14
                0x00000262                __vector_10
                0x00000262                __vector_16
                0x00000262                __vector_20
 .text          0x00000266      0x658 main.o
                0x00000272                pid_check
                0x0000035c                read_next_byte
                0x0000039c                previous_byte
                0x000003b2                is_command
                0x000003b6                is_data
                0x000003ba                check_data_byte
                0x000003f6                send_signature
                0x00000416                send_sensor_values
                0x00000448                send_raw_sensor_values
                0x00000450                send_calibrated_sensor_values
                0x00000458                send_line_position
                0x000004b4                send_trimpot
                0x000004da                send_battery_millivolts
                0x00000500                m1_forward
                0x0000052a                m2_forward
                0x00000554                m1_backward
                0x00000584                m2_backward
                0x000005b4                do_play
                0x00000610                do_clear
                0x00000616                do_print
                0x0000065c                do_lcd_goto_xy
                0x0000068a                auto_calibrate
                0x00000724                set_pid
                0x000007b2                stop_pid
                0x000007c8                main
                0x000008be                . = ALIGN (0x2)
 *(.text.*)
 .text._ZN15OrangutanAnalog11readAverageEhj
                0x000008be       0xb6 c:/other/atmel/atmel studio 6.0/extensions/atmel/avrgcc/3.4.0.65/avrtoolchain/bin/../lib/gcc/avr/4.6.2/../../../../avr/lib\libpololu_atmega328p.a(OrangutanAnalog.o)
                0x000008be                OrangutanAnalog::readAverage(unsigned char, unsigned int)
 .text.read_trimpot
                0x00000974        0xc c:/other/atmel/atmel studio 6.0/extensions/atmel/avrgcc/3.4.0.65/avrtoolchain/bin/../lib/gcc/avr/4.6.2/../../../../avr/lib\libpololu_atmega328p.a(OrangutanAnalog.o)
                0x00000974                read_trimpot
 .text._ZN15OrangutanAnalog12toMillivoltsEj
                0x00000980       0x56 c:/other/atmel/atmel studio 6.0/extensions/atmel/avrgcc/3.4.0.65/avrtoolchain/bin/../lib/gcc/avr/4.6.2/../../../../avr/lib\libpololu_atmega328p.a(OrangutanAnalog.o)
                0x00000980                OrangutanAnalog::toMillivolts(unsigned int)
 .text._ZN15OrangutanAnalog21readAverageMillivoltsEhj
                0x000009d6        0xa c:/other/atmel/atmel studio 6.0/extensions/atmel/avrgcc/3.4.0.65/avrtoolchain/bin/../lib/gcc/avr/4.6.2/../../../../avr/lib\libpololu_atmega328p.a(OrangutanAnalog.o)
                0x000009d6                OrangutanAnalog::readAverageMillivolts(unsigned char, unsigned int)
 .text._ZN15OrangutanAnalog25readBatteryMillivolts_3piEv
                0x000009e0       0x4a c:/other/atmel/atmel studio 6.0/extensions/atmel/avrgcc/3.4.0.65/avrtoolchain/bin/../lib/gcc/avr/4.6.2/../../../../avr/lib\libpololu_atmega328p.a(OrangutanAnalog.o)
                0x000009e0                OrangutanAnalog::readBatteryMillivolts_3pi()
 .text.read_battery_millivolts_3pi
                0x00000a2a        0x6 c:/other/atmel/atmel studio 6.0/extensions/atmel/avrgcc/3.4.0.65/avrtoolchain/bin/../lib/gcc/avr/4.6.2/../../../../avr/lib\libpololu_atmega328p.a(OrangutanAnalog.o)
                0x00000a2a                read_battery_millivolts_3pi
 .text._ZN15OrangutanBuzzer13playFrequencyEjjh
                0x00000a30      0x188 c:/other/atmel/atmel studio 6.0/extensions/atmel/avrgcc/3.4.0.65/avrtoolchain/bin/../lib/gcc/avr/4.6.2/../../../../avr/lib\libpololu_atmega328p.a(OrangutanBuzzer.o)
                0x00000a30                OrangutanBuzzer::playFrequency(unsigned int, unsigned int, unsigned char)
 .text._ZN15OrangutanBuzzer8playNoteEhjh
                0x00000bb8       0xf0 c:/other/atmel/atmel studio 6.0/extensions/atmel/avrgcc/3.4.0.65/avrtoolchain/bin/../lib/gcc/avr/4.6.2/../../../../avr/lib\libpololu_atmega328p.a(OrangutanBuzzer.o)
                0x00000bb8                OrangutanBuzzer::playNote(unsigned char, unsigned int, unsigned char)
 .text._ZL16currentCharacterv
                0x00000ca8       0x3e c:/other/atmel/atmel studio 6.0/extensions/atmel/avrgcc/3.4.0.65/avrtoolchain/bin/../lib/gcc/avr/4.6.2/../../../../avr/lib\libpololu_atmega328p.a(OrangutanBuzzer.o)
 .text._ZL9getNumberv
                0x00000ce6       0x5a c:/other/atmel/atmel studio 6.0/extensions/atmel/avrgcc/3.4.0.65/avrtoolchain/bin/../lib/gcc/avr/4.6.2/../../../../avr/lib\libpololu_atmega328p.a(OrangutanBuzzer.o)
 .text._ZL8nextNotev
                0x00000d40      0x3f6 c:/other/atmel/atmel studio 6.0/extensions/atmel/avrgcc/3.4.0.65/avrtoolchain/bin/../lib/gcc/avr/4.6.2/../../../../avr/lib\libpololu_atmega328p.a(OrangutanBuzzer.o)
 .text._ZN15OrangutanBuzzer4playEPKc
                0x00001136       0x1a c:/other/atmel/atmel studio 6.0/extensions/atmel/avrgcc/3.4.0.65/avrtoolchain/bin/../lib/gcc/avr/4.6.2/../../../../avr/lib\libpololu_atmega328p.a(OrangutanBuzzer.o)
                0x00001136                OrangutanBuzzer::play(char const*)
 .text.play     0x00001150        0x6 c:/other/atmel/atmel studio 6.0/extensions/atmel/avrgcc/3.4.0.65/avrtoolchain/bin/../lib/gcc/avr/4.6.2/../../../../avr/lib\libpololu_atmega328p.a(OrangutanBuzzer.o)
                0x00001150                play
 .text.__vector_13
                0x00001156       0x9e c:/other/atmel/atmel studio 6.0/extensions/atmel/avrgcc/3.4.0.65/avrtoolchain/bin/../lib/gcc/avr/4.6.2/../../../../avr/lib\libpololu_atmega328p.a(OrangutanBuzzer.o)
                0x00001156                __vector_13
 .text._ZN15OrangutanBuzzer9playCheckEv
                0x000011f4       0x2c c:/other/atmel/atmel studio 6.0/extensions/atmel/avrgcc/3.4.0.65/avrtoolchain/bin/../lib/gcc/avr/4.6.2/../../../../avr/lib\libpololu_atmega328p.a(OrangutanBuzzer.o)
                0x000011f4                OrangutanBuzzer::playCheck()
 .text._ZN15OrangutanBuzzer8playModeEh
                0x00001220        0xe c:/other/atmel/atmel studio 6.0/extensions/atmel/avrgcc/3.4.0.65/avrtoolchain/bin/../lib/gcc/avr/4.6.2/../../../../avr/lib\libpololu_atmega328p.a(OrangutanBuzzer.o)
                0x00001220                OrangutanBuzzer::playMode(unsigned char)
 .text.play_mode
                0x0000122e        0x6 c:/other/atmel/atmel studio 6.0/extensions/atmel/avrgcc/3.4.0.65/avrtoolchain/bin/../lib/gcc/avr/4.6.2/../../../../avr/lib\libpololu_atmega328p.a(OrangutanBuzzer.o)
                0x0000122e                play_mode
 .text.play_check
                0x00001234        0x6 c:/other/atmel/atmel studio 6.0/extensions/atmel/avrgcc/3.4.0.65/avrtoolchain/bin/../lib/gcc/avr/4.6.2/../../../../avr/lib\libpololu_atmega328p.a(OrangutanBuzzer.o)
                0x00001234                play_check
 .text._ZN12OrangutanLCD8busyWaitEv
                0x0000123a       0x98 c:/other/atmel/atmel studio 6.0/extensions/atmel/avrgcc/3.4.0.65/avrtoolchain/bin/../lib/gcc/avr/4.6.2/../../../../avr/lib\libpololu_atmega328p.a(OrangutanLCD.o)
                0x0000123a                OrangutanLCD::busyWait()
 .text._ZN12OrangutanLCD8sendDataEh
                0x000012d2       0x64 c:/other/atmel/atmel studio 6.0/extensions/atmel/avrgcc/3.4.0.65/avrtoolchain/bin/../lib/gcc/avr/4.6.2/../../../../avr/lib\libpololu_atmega328p.a(OrangutanLCD.o)
                0x000012d2                OrangutanLCD::sendData(unsigned char)
 .text._ZN12OrangutanLCD5init2Ev
                0x00001336       0x7e c:/other/atmel/atmel studio 6.0/extensions/atmel/avrgcc/3.4.0.65/avrtoolchain/bin/../lib/gcc/avr/4.6.2/../../../../avr/lib\libpololu_atmega328p.a(OrangutanLCD.o)
                0x00001336                OrangutanLCD::init2()
 .text._ZN12OrangutanLCD4initEv
                0x000013b4       0x14 c:/other/atmel/atmel studio 6.0/extensions/atmel/avrgcc/3.4.0.65/avrtoolchain/bin/../lib/gcc/avr/4.6.2/../../../../avr/lib\libpololu_atmega328p.a(OrangutanLCD.o)
                0x000013b4                OrangutanLCD::init()
 .text._ZN12OrangutanLCD4sendEhhh
                0x000013c8       0x68 c:/other/atmel/atmel studio 6.0/extensions/atmel/avrgcc/3.4.0.65/avrtoolchain/bin/../lib/gcc/avr/4.6.2/../../../../avr/lib\libpololu_atmega328p.a(OrangutanLCD.o)
                0x000013c8                OrangutanLCD::send(unsigned char, unsigned char, unsigned char)
 .text._ZN12OrangutanLCD8send_cmdEh
                0x00001430        0xa c:/other/atmel/atmel studio 6.0/extensions/atmel/avrgcc/3.4.0.65/avrtoolchain/bin/../lib/gcc/avr/4.6.2/../../../../avr/lib\libpololu_atmega328p.a(OrangutanLCD.o)
                0x00001430                OrangutanLCD::send_cmd(unsigned char)
 .text._ZN12OrangutanLCD6gotoXYEhh
                0x0000143a       0x3e c:/other/atmel/atmel studio 6.0/extensions/atmel/avrgcc/3.4.0.65/avrtoolchain/bin/../lib/gcc/avr/4.6.2/../../../../avr/lib\libpololu_atmega328p.a(OrangutanLCD.o)
                0x0000143a                OrangutanLCD::gotoXY(unsigned char, unsigned char)
 .text.lcd_goto_xy
                0x00001478        0x6 c:/other/atmel/atmel studio 6.0/extensions/atmel/avrgcc/3.4.0.65/avrtoolchain/bin/../lib/gcc/avr/4.6.2/../../../../avr/lib\libpololu_atmega328p.a(OrangutanLCD.o)
                0x00001478                lcd_goto_xy
 .text._ZN12OrangutanLCD5clearEv
                0x0000147e       0x5a c:/other/atmel/atmel studio 6.0/extensions/atmel/avrgcc/3.4.0.65/avrtoolchain/bin/../lib/gcc/avr/4.6.2/../../../../avr/lib\libpololu_atmega328p.a(OrangutanLCD.o)
                0x0000147e                OrangutanLCD::clear()
 .text.clear    0x000014d8        0x6 c:/other/atmel/atmel studio 6.0/extensions/atmel/avrgcc/3.4.0.65/avrtoolchain/bin/../lib/gcc/avr/4.6.2/../../../../avr/lib\libpololu_atmega328p.a(OrangutanLCD.o)
                0x000014d8                clear
 .text._ZN12OrangutanLCD9send_dataEh
                0x000014de        0xa c:/other/atmel/atmel studio 6.0/extensions/atmel/avrgcc/3.4.0.65/avrtoolchain/bin/../lib/gcc/avr/4.6.2/../../../../avr/lib\libpololu_atmega328p.a(OrangutanLCD.o)
                0x000014de                OrangutanLCD::send_data(unsigned char)
 .text._ZN12OrangutanLCD14printHexNibbleEh
                0x000014e8       0x10 c:/other/atmel/atmel studio 6.0/extensions/atmel/avrgcc/3.4.0.65/avrtoolchain/bin/../lib/gcc/avr/4.6.2/../../../../avr/lib\libpololu_atmega328p.a(OrangutanLCD.o)
                0x000014e8                OrangutanLCD::printHexNibble(unsigned char)
 .text._ZN12OrangutanLCD8printHexEh
                0x000014f8       0x18 c:/other/atmel/atmel studio 6.0/extensions/atmel/avrgcc/3.4.0.65/avrtoolchain/bin/../lib/gcc/avr/4.6.2/../../../../avr/lib\libpololu_atmega328p.a(OrangutanLCD.o)
                0x000014f8                OrangutanLCD::printHex(unsigned char)
 .text.print_hex_byte
                0x00001510        0x6 c:/other/atmel/atmel studio 6.0/extensions/atmel/avrgcc/3.4.0.65/avrtoolchain/bin/../lib/gcc/avr/4.6.2/../../../../avr/lib\libpololu_atmega328p.a(OrangutanLCD.o)
                0x00001510                print_hex_byte
 .text._ZN12OrangutanLCD5printEPKc
                0x00001516       0x1a c:/other/atmel/atmel studio 6.0/extensions/atmel/avrgcc/3.4.0.65/avrtoolchain/bin/../lib/gcc/avr/4.6.2/../../../../avr/lib\libpololu_atmega328p.a(OrangutanLCD.o)
                0x00001516                OrangutanLCD::print(char const*)
 .text.print    0x00001530        0x6 c:/other/atmel/atmel studio 6.0/extensions/atmel/avrgcc/3.4.0.65/avrtoolchain/bin/../lib/gcc/avr/4.6.2/../../../../avr/lib\libpololu_atmega328p.a(OrangutanLCD.o)
                0x00001530                print
 .text.print_character
                0x00001536        0x6 c:/other/atmel/atmel studio 6.0/extensions/atmel/avrgcc/3.4.0.65/avrtoolchain/bin/../lib/gcc/avr/4.6.2/../../../../avr/lib\libpololu_atmega328p.a(OrangutanLCD.o)
                0x00001536                print_character
 .text._ZN12OrangutanLCD13send_4bit_cmdEh
                0x0000153c        0xa c:/other/atmel/atmel studio 6.0/extensions/atmel/avrgcc/3.4.0.65/avrtoolchain/bin/../lib/gcc/avr/4.6.2/../../../../avr/lib\libpololu_atmega328p.a(OrangutanLCD.o)
                0x0000153c                OrangutanLCD::send_4bit_cmd(unsigned char)
 .text._ZN16OrangutanDigital9setOutputEhh
                0x00001546       0x98 c:/other/atmel/atmel studio 6.0/extensions/atmel/avrgcc/3.4.0.65/avrtoolchain/bin/../lib/gcc/avr/4.6.2/../../../../avr/lib\libpololu_atmega328p.a(OrangutanMotors.o)
                0x00001546                OrangutanDigital::setOutput(unsigned char, unsigned char)
 .text._ZN15OrangutanMotors5init2Ev
                0x000015de       0x50 c:/other/atmel/atmel studio 6.0/extensions/atmel/avrgcc/3.4.0.65/avrtoolchain/bin/../lib/gcc/avr/4.6.2/../../../../avr/lib\libpololu_atmega328p.a(OrangutanMotors.o)
                0x000015de                OrangutanMotors::init2()
 .text._ZN15OrangutanMotors4initEv
                0x0000162e       0x14 c:/other/atmel/atmel studio 6.0/extensions/atmel/avrgcc/3.4.0.65/avrtoolchain/bin/../lib/gcc/avr/4.6.2/../../../../avr/lib\libpololu_atmega328p.a(OrangutanMotors.o)
                0x0000162e                OrangutanMotors::init()
 .text._ZN15OrangutanMotors10setM1SpeedEi
                0x00001642       0x3c c:/other/atmel/atmel studio 6.0/extensions/atmel/avrgcc/3.4.0.65/avrtoolchain/bin/../lib/gcc/avr/4.6.2/../../../../avr/lib\libpololu_atmega328p.a(OrangutanMotors.o)
                0x00001642                OrangutanMotors::setM1Speed(int)
 .text.set_m1_speed
                0x0000167e        0x6 c:/other/atmel/atmel studio 6.0/extensions/atmel/avrgcc/3.4.0.65/avrtoolchain/bin/../lib/gcc/avr/4.6.2/../../../../avr/lib\libpololu_atmega328p.a(OrangutanMotors.o)
                0x0000167e                set_m1_speed
 .text._ZN15OrangutanMotors10setM2SpeedEi
                0x00001684       0x44 c:/other/atmel/atmel studio 6.0/extensions/atmel/avrgcc/3.4.0.65/avrtoolchain/bin/../lib/gcc/avr/4.6.2/../../../../avr/lib\libpololu_atmega328p.a(OrangutanMotors.o)
                0x00001684                OrangutanMotors::setM2Speed(int)
 .text.set_m2_speed
                0x000016c8        0x6 c:/other/atmel/atmel studio 6.0/extensions/atmel/avrgcc/3.4.0.65/avrtoolchain/bin/../lib/gcc/avr/4.6.2/../../../../avr/lib\libpololu_atmega328p.a(OrangutanMotors.o)
                0x000016c8                set_m2_speed
 .text._ZN15OrangutanMotors9setSpeedsEii
                0x000016ce       0x16 c:/other/atmel/atmel studio 6.0/extensions/atmel/avrgcc/3.4.0.65/avrtoolchain/bin/../lib/gcc/avr/4.6.2/../../../../avr/lib\libpololu_atmega328p.a(OrangutanMotors.o)
                0x000016ce                OrangutanMotors::setSpeeds(int, int)
 .text.set_motors
                0x000016e4        0x6 c:/other/atmel/atmel studio 6.0/extensions/atmel/avrgcc/3.4.0.65/avrtoolchain/bin/../lib/gcc/avr/4.6.2/../../../../avr/lib\libpololu_atmega328p.a(OrangutanMotors.o)
                0x000016e4                set_motors
 .text.serial_receive_ring
                0x000016ea       0x34 c:/other/atmel/atmel studio 6.0/extensions/atmel/avrgcc/3.4.0.65/avrtoolchain/bin/../lib/gcc/avr/4.6.2/../../../../avr/lib\libpololu_atmega328p.a(OrangutanSerial.o)
                0x000016ea                serial_receive_ring
 .text.serial_get_received_bytes
                0x0000171e        0x6 c:/other/atmel/atmel studio 6.0/extensions/atmel/avrgcc/3.4.0.65/avrtoolchain/bin/../lib/gcc/avr/4.6.2/../../../../avr/lib\libpololu_atmega328p.a(OrangutanSerial.o)
                0x0000171e                serial_get_received_bytes
 .text._ZN15OrangutanSerial8initPortEh
                0x00001724       0x44 c:/other/atmel/atmel studio 6.0/extensions/atmel/avrgcc/3.4.0.65/avrtoolchain/bin/../lib/gcc/avr/4.6.2/../../../../avr/lib\libpololu_atmega328p.a(OrangutanSerial.o)
                0x00001724                OrangutanSerial::initPort(unsigned char)
 .text._ZN15OrangutanSerial7setModeEh
                0x00001768        0xc c:/other/atmel/atmel studio 6.0/extensions/atmel/avrgcc/3.4.0.65/avrtoolchain/bin/../lib/gcc/avr/4.6.2/../../../../avr/lib\libpololu_atmega328p.a(OrangutanSerial.o)
                0x00001768                OrangutanSerial::setMode(unsigned char)
 .text.serial_set_mode
                0x00001774        0x6 c:/other/atmel/atmel studio 6.0/extensions/atmel/avrgcc/3.4.0.65/avrtoolchain/bin/../lib/gcc/avr/4.6.2/../../../../avr/lib\libpololu_atmega328p.a(OrangutanSerial.o)
                0x00001774                serial_set_mode
 .text._ZN15OrangutanSerial11setBaudRateEm
                0x0000177a       0x58 c:/other/atmel/atmel studio 6.0/extensions/atmel/avrgcc/3.4.0.65/avrtoolchain/bin/../lib/gcc/avr/4.6.2/../../../../avr/lib\libpololu_atmega328p.a(OrangutanSerial.o)
                0x0000177a                OrangutanSerial::setBaudRate(unsigned long)
 .text.serial_set_baud_rate
                0x000017d2        0x6 c:/other/atmel/atmel studio 6.0/extensions/atmel/avrgcc/3.4.0.65/avrtoolchain/bin/../lib/gcc/avr/4.6.2/../../../../avr/lib\libpololu_atmega328p.a(OrangutanSerial.o)
                0x000017d2                serial_set_baud_rate
 .text._ZN15OrangutanSerial5checkEv
                0x000017d8       0xe6 c:/other/atmel/atmel studio 6.0/extensions/atmel/avrgcc/3.4.0.65/avrtoolchain/bin/../lib/gcc/avr/4.6.2/../../../../avr/lib\libpololu_atmega328p.a(OrangutanSerial.o)
                0x000017d8                OrangutanSerial::check()
 .text.serial_check
                0x000018be        0x6 c:/other/atmel/atmel studio 6.0/extensions/atmel/avrgcc/3.4.0.65/avrtoolchain/bin/../lib/gcc/avr/4.6.2/../../../../avr/lib\libpololu_atmega328p.a(OrangutanSerial.o)
                0x000018be                serial_check
 .text._ZN15OrangutanSerial12sendBlockingEPch
                0x000018c4       0x4a c:/other/atmel/atmel studio 6.0/extensions/atmel/avrgcc/3.4.0.65/avrtoolchain/bin/../lib/gcc/avr/4.6.2/../../../../avr/lib\libpololu_atmega328p.a(OrangutanSerial.o)
                0x000018c4                OrangutanSerial::sendBlocking(char*, unsigned char)
 .text.serial_send_blocking
                0x0000190e        0x6 c:/other/atmel/atmel studio 6.0/extensions/atmel/avrgcc/3.4.0.65/avrtoolchain/bin/../lib/gcc/avr/4.6.2/../../../../avr/lib\libpololu_atmega328p.a(OrangutanSerial.o)
                0x0000190e                serial_send_blocking
 .text.__vector_18
                0x00001914       0x70 c:/other/atmel/atmel studio 6.0/extensions/atmel/avrgcc/3.4.0.65/avrtoolchain/bin/../lib/gcc/avr/4.6.2/../../../../avr/lib\libpololu_atmega328p.a(OrangutanSerial.o)
                0x00001914                __vector_18
 .text.__vector_19
                0x00001984       0x82 c:/other/atmel/atmel studio 6.0/extensions/atmel/avrgcc/3.4.0.65/avrtoolchain/bin/../lib/gcc/avr/4.6.2/../../../../avr/lib\libpololu_atmega328p.a(OrangutanSerial.o)
                0x00001984                __vector_19
 .text.__vector_9
                0x00001a06       0x74 c:/other/atmel/atmel studio 6.0/extensions/atmel/avrgcc/3.4.0.65/avrtoolchain/bin/../lib/gcc/avr/4.6.2/../../../../avr/lib\libpololu_atmega328p.a(OrangutanTime.o)
                0x00001a06                __vector_9
 .text.delay_ms
                0x00001a7a       0x1e c:/other/atmel/atmel studio 6.0/extensions/atmel/avrgcc/3.4.0.65/avrtoolchain/bin/../lib/gcc/avr/4.6.2/../../../../avr/lib\libpololu_atmega328p.a(OrangutanTime.o)
                0x00001a7a                delay_ms
 .text._ZN13OrangutanTime5init2Ev
                0x00001a98       0x30 c:/other/atmel/atmel studio 6.0/extensions/atmel/avrgcc/3.4.0.65/avrtoolchain/bin/../lib/gcc/avr/4.6.2/../../../../avr/lib\libpololu_atmega328p.a(OrangutanTime.o)
                0x00001a98                OrangutanTime::init2()
 .text._ZN13OrangutanTime4initEv
                0x00001ac8       0x14 c:/other/atmel/atmel studio 6.0/extensions/atmel/avrgcc/3.4.0.65/avrtoolchain/bin/../lib/gcc/avr/4.6.2/../../../../avr/lib\libpololu_atmega328p.a(OrangutanTime.o)
                0x00001ac8                OrangutanTime::init()
 .text._ZN13OrangutanTime2msEv
                0x00001adc       0x2a c:/other/atmel/atmel studio 6.0/extensions/atmel/avrgcc/3.4.0.65/avrtoolchain/bin/../lib/gcc/avr/4.6.2/../../../../avr/lib\libpololu_atmega328p.a(OrangutanTime.o)
                0x00001adc                OrangutanTime::ms()
 .text.get_ms   0x00001b06        0x6 c:/other/atmel/atmel studio 6.0/extensions/atmel/avrgcc/3.4.0.65/avrtoolchain/bin/../lib/gcc/avr/4.6.2/../../../../avr/lib\libpololu_atmega328p.a(OrangutanTime.o)
                0x00001b06                get_ms
 .text._ZN13OrangutanTime5resetEv
                0x00001b0c       0x2e c:/other/atmel/atmel studio 6.0/extensions/atmel/avrgcc/3.4.0.65/avrtoolchain/bin/../lib/gcc/avr/4.6.2/../../../../avr/lib\libpololu_atmega328p.a(OrangutanTime.o)
                0x00001b0c                OrangutanTime::reset()
 .text.time_reset
                0x00001b3a        0x6 c:/other/atmel/atmel studio 6.0/extensions/atmel/avrgcc/3.4.0.65/avrtoolchain/bin/../lib/gcc/avr/4.6.2/../../../../avr/lib\libpololu_atmega328p.a(OrangutanTime.o)
                0x00001b3a                time_reset
 .text._GLOBAL__I_pololu_3pi_init
                0x00001b40        0x2 c:/other/atmel/atmel studio 6.0/extensions/atmel/avrgcc/3.4.0.65/avrtoolchain/bin/../lib/gcc/avr/4.6.2/../../../../avr/lib\libpololu_atmega328p.a(Pololu3pi.o)
 .text._GLOBAL__D_pololu_3pi_init
                0x00001b42        0xa c:/other/atmel/atmel studio 6.0/extensions/atmel/avrgcc/3.4.0.65/avrtoolchain/bin/../lib/gcc/avr/4.6.2/../../../../avr/lib\libpololu_atmega328p.a(Pololu3pi.o)
 .text.read_line
                0x00001b4c       0x12 c:/other/atmel/atmel studio 6.0/extensions/atmel/avrgcc/3.4.0.65/avrtoolchain/bin/../lib/gcc/avr/4.6.2/../../../../avr/lib\libpololu_atmega328p.a(Pololu3pi.o)
                0x00001b4c                read_line
 .text.read_line_sensors_calibrated
                0x00001b5e       0x10 c:/other/atmel/atmel studio 6.0/extensions/atmel/avrgcc/3.4.0.65/avrtoolchain/bin/../lib/gcc/avr/4.6.2/../../../../avr/lib\libpololu_atmega328p.a(Pololu3pi.o)
                0x00001b5e                read_line_sensors_calibrated
 .text.line_sensors_reset_calibration
                0x00001b6e        0xa c:/other/atmel/atmel studio 6.0/extensions/atmel/avrgcc/3.4.0.65/avrtoolchain/bin/../lib/gcc/avr/4.6.2/../../../../avr/lib\libpololu_atmega328p.a(Pololu3pi.o)
                0x00001b6e                line_sensors_reset_calibration
 .text.calibrate_line_sensors
                0x00001b78        0xc c:/other/atmel/atmel studio 6.0/extensions/atmel/avrgcc/3.4.0.65/avrtoolchain/bin/../lib/gcc/avr/4.6.2/../../../../avr/lib\libpololu_atmega328p.a(Pololu3pi.o)
                0x00001b78                calibrate_line_sensors
 .text.read_line_sensors
                0x00001b84       0x10 c:/other/atmel/atmel studio 6.0/extensions/atmel/avrgcc/3.4.0.65/avrtoolchain/bin/../lib/gcc/avr/4.6.2/../../../../avr/lib\libpololu_atmega328p.a(Pololu3pi.o)
                0x00001b84                read_line_sensors
 .text._ZN9Pololu3pi4initEjh
                0x00001b94       0x64 c:/other/atmel/atmel studio 6.0/extensions/atmel/avrgcc/3.4.0.65/avrtoolchain/bin/../lib/gcc/avr/4.6.2/../../../../avr/lib\libpololu_atmega328p.a(Pololu3pi.o)
                0x00001b94                Pololu3pi::init(unsigned int, unsigned char)
 .text.pololu_3pi_init
                0x00001bf8        0x8 c:/other/atmel/atmel studio 6.0/extensions/atmel/avrgcc/3.4.0.65/avrtoolchain/bin/../lib/gcc/avr/4.6.2/../../../../avr/lib\libpololu_atmega328p.a(Pololu3pi.o)
                0x00001bf8                pololu_3pi_init
 .text._ZN16PololuQTRSensors4initEhhh
                0x00001c00       0x9a c:/other/atmel/atmel studio 6.0/extensions/atmel/avrgcc/3.4.0.65/avrtoolchain/bin/../lib/gcc/avr/4.6.2/../../../../avr/lib\libpololu_atmega328p.a(PololuQTRSensors.o)
                0x00001c00                PololuQTRSensors::init(unsigned char, unsigned char, unsigned char)
 .text._ZN16PololuQTRSensors11emittersOffEv
                0x00001c9a       0x30 c:/other/atmel/atmel studio 6.0/extensions/atmel/avrgcc/3.4.0.65/avrtoolchain/bin/../lib/gcc/avr/4.6.2/../../../../avr/lib\libpololu_atmega328p.a(PololuQTRSensors.o)
                0x00001c9a                PololuQTRSensors::emittersOff()
 .text._ZN16PololuQTRSensors16resetCalibrationEv
                0x00001cca       0x94 c:/other/atmel/atmel studio 6.0/extensions/atmel/avrgcc/3.4.0.65/avrtoolchain/bin/../lib/gcc/avr/4.6.2/../../../../avr/lib\libpololu_atmega328p.a(PololuQTRSensors.o)
                0x00001cca                PololuQTRSensors::resetCalibration()
 .text._ZN18PololuQTRSensorsRC4initEPhhjh
                0x00001d5e       0xf6 c:/other/atmel/atmel studio 6.0/extensions/atmel/avrgcc/3.4.0.65/avrtoolchain/bin/../lib/gcc/avr/4.6.2/../../../../avr/lib\libpololu_atmega328p.a(PololuQTRSensors.o)
                0x00001d5e                PololuQTRSensorsRC::init(unsigned char*, unsigned char, unsigned int, unsigned char)
 .text._ZN18PololuQTRSensorsRC11readPrivateEPj
                0x00001e54      0x18e c:/other/atmel/atmel studio 6.0/extensions/atmel/avrgcc/3.4.0.65/avrtoolchain/bin/../lib/gcc/avr/4.6.2/../../../../avr/lib\libpololu_atmega328p.a(PololuQTRSensors.o)
                0x00001e54                PololuQTRSensorsRC::readPrivate(unsigned int*)
 .text._ZN22PololuQTRSensorsAnalog11readPrivateEPj
                0x00001fe2       0xf8 c:/other/atmel/atmel studio 6.0/extensions/atmel/avrgcc/3.4.0.65/avrtoolchain/bin/../lib/gcc/avr/4.6.2/../../../../avr/lib\libpololu_atmega328p.a(PololuQTRSensors.o)
                0x00001fe2                PololuQTRSensorsAnalog::readPrivate(unsigned int*)
 .text._ZN16PololuQTRSensors4readEPjh
                0x000020da      0x13e c:/other/atmel/atmel studio 6.0/extensions/atmel/avrgcc/3.4.0.65/avrtoolchain/bin/../lib/gcc/avr/4.6.2/../../../../avr/lib\libpololu_atmega328p.a(PololuQTRSensors.o)
                0x000020da                PololuQTRSensors::read(unsigned int*, unsigned char)
 .text._ZN16PololuQTRSensors14readCalibratedEPjh
                0x00002218      0x17a c:/other/atmel/atmel studio 6.0/extensions/atmel/avrgcc/3.4.0.65/avrtoolchain/bin/../lib/gcc/avr/4.6.2/../../../../avr/lib\libpololu_atmega328p.a(PololuQTRSensors.o)
                0x00002218                PololuQTRSensors::readCalibrated(unsigned int*, unsigned char)
 .text._ZN16PololuQTRSensors8readLineEPjhh
                0x00002392      0x11a c:/other/atmel/atmel studio 6.0/extensions/atmel/avrgcc/3.4.0.65/avrtoolchain/bin/../lib/gcc/avr/4.6.2/../../../../avr/lib\libpololu_atmega328p.a(PololuQTRSensors.o)
                0x00002392                PololuQTRSensors::readLine(unsigned int*, unsigned char, unsigned char)
 .text._ZN16PololuQTRSensorsD2Ev
                0x000024ac       0x3c c:/other/atmel/atmel studio 6.0/extensions/atmel/avrgcc/3.4.0.65/avrtoolchain/bin/../lib/gcc/avr/4.6.2/../../../../avr/lib\libpololu_atmega328p.a(PololuQTRSensors.o)
                0x000024ac                PololuQTRSensors::~PololuQTRSensors()
 .text._ZN16PololuQTRSensors16calibrateOnOrOffEPPjS1_h
                0x000024e8      0x204 c:/other/atmel/atmel studio 6.0/extensions/atmel/avrgcc/3.4.0.65/avrtoolchain/bin/../lib/gcc/avr/4.6.2/../../../../avr/lib\libpololu_atmega328p.a(PololuQTRSensors.o)
                0x000024e8                PololuQTRSensors::calibrateOnOrOff(unsigned int**, unsigned int**, unsigned char)
 .text._ZN16PololuQTRSensors9calibrateEh
                0x000026ec       0x44 c:/other/atmel/atmel studio 6.0/extensions/atmel/avrgcc/3.4.0.65/avrtoolchain/bin/../lib/gcc/avr/4.6.2/../../../../avr/lib\libpololu_atmega328p.a(PololuQTRSensors.o)
                0x000026ec                PololuQTRSensors::calibrate(unsigned char)
 .text.libgcc   0x00002730       0x3e c:/other/atmel/atmel studio 6.0/extensions/atmel/avrgcc/3.4.0.65/avrtoolchain/bin/../lib/gcc/avr/4.6.2/avr5\libgcc.a(_mulsi3.o)
                0x00002730                __mulsi3
 .text.libgcc   0x0000276e       0x18 c:/other/atmel/atmel studio 6.0/extensions/atmel/avrgcc/3.4.0.65/avrtoolchain/bin/../lib/gcc/avr/4.6.2/avr5\libgcc.a(_udivmodqi4.o)
                0x0000276e                __udivmodqi4
 .text.libgcc   0x00002786       0x28 c:/other/atmel/atmel studio 6.0/extensions/atmel/avrgcc/3.4.0.65/avrtoolchain/bin/../lib/gcc/avr/4.6.2/avr5\libgcc.a(_udivmodhi4.o)
                0x00002786                __udivmodhi4
 .text.libgcc   0x000027ae       0x26 c:/other/atmel/atmel studio 6.0/extensions/atmel/avrgcc/3.4.0.65/avrtoolchain/bin/../lib/gcc/avr/4.6.2/avr5\libgcc.a(_divmodhi4.o)
                0x000027ae                _div
                0x000027ae                __divmodhi4
 .text.libgcc   0x000027d4       0x44 c:/other/atmel/atmel studio 6.0/extensions/atmel/avrgcc/3.4.0.65/avrtoolchain/bin/../lib/gcc/avr/4.6.2/avr5\libgcc.a(_udivmodsi4.o)
                0x000027d4                __udivmodsi4
 .text.libgcc   0x00002818       0x36 c:/other/atmel/atmel studio 6.0/extensions/atmel/avrgcc/3.4.0.65/avrtoolchain/bin/../lib/gcc/avr/4.6.2/avr5\libgcc.a(_divmodsi4.o)
                0x00002818                __divmodsi4
 .text.libgcc   0x0000284e       0x38 c:/other/atmel/atmel studio 6.0/extensions/atmel/avrgcc/3.4.0.65/avrtoolchain/bin/../lib/gcc/avr/4.6.2/avr5\libgcc.a(_prologue.o)
                0x0000284e                __prologue_saves__
 .text.libgcc   0x00002886       0x36 c:/other/atmel/atmel studio 6.0/extensions/atmel/avrgcc/3.4.0.65/avrtoolchain/bin/../lib/gcc/avr/4.6.2/avr5\libgcc.a(_epilogue.o)
                0x00002886                __epilogue_restores__
 .text.libgcc   0x000028bc        0xc c:/other/atmel/atmel studio 6.0/extensions/atmel/avrgcc/3.4.0.65/avrtoolchain/bin/../lib/gcc/avr/4.6.2/avr5\libgcc.a(_tablejump.o)
                0x000028bc                __tablejump2__
                0x000028c0                __tablejump__
 .text.avr-libc
                0x000028c8      0x25e c:/other/atmel/atmel studio 6.0/extensions/atmel/avrgcc/3.4.0.65/avrtoolchain/bin/../lib/gcc/avr/4.6.2/../../../../avr/lib/avr5\libc.a(malloc.o)
                0x000028c8                malloc
                0x000029f4                free
                0x00002b26                . = ALIGN (0x2)
 *(.fini9)
 .fini9         0x00002b26        0x0 c:/other/atmel/atmel studio 6.0/extensions/atmel/avrgcc/3.4.0.65/avrtoolchain/bin/../lib/gcc/avr/4.6.2/avr5\libgcc.a(_exit.o)
                0x00002b26                _exit
                0x00002b26                exit
 *(.fini9)
 *(.fini8)
 *(.fini8)
 *(.fini7)
 *(.fini7)
 *(.fini6)
 .fini6         0x00002b26       0x16 c:/other/atmel/atmel studio 6.0/extensions/atmel/avrgcc/3.4.0.65/avrtoolchain/bin/../lib/gcc/avr/4.6.2/avr5\libgcc.a(_dtors.o)
                0x00002b26                __do_global_dtors
 *(.fini6)
 *(.fini5)
 *(.fini5)
 *(.fini4)
 *(.fini4)
 *(.fini3)
 *(.fini3)
 *(.fini2)
 *(.fini2)
 *(.fini1)
 *(.fini1)
 *(.fini0)
 .fini0         0x00002b3c        0x4 c:/other/atmel/atmel studio 6.0/extensions/atmel/avrgcc/3.4.0.65/avrtoolchain/bin/../lib/gcc/avr/4.6.2/avr5\libgcc.a(_exit.o)
 *(.fini0)
                0x00002b40                _etext = .

.data           0x00800100       0x40 load address 0x00002b40
                0x00800100                PROVIDE (__data_start, .)
 *(.data)
 .data          0x00800100       0x26 main.o
                0x00800125                max_speed
 .data          0x00800126        0x2 c:/other/atmel/atmel studio 6.0/extensions/atmel/avrgcc/3.4.0.65/avrtoolchain/bin/../lib/gcc/avr/4.6.2/../../../../avr/lib\libpololu_atmega328p.a(OrangutanAnalog.o)
 .data          0x00800128        0xa c:/other/atmel/atmel studio 6.0/extensions/atmel/avrgcc/3.4.0.65/avrtoolchain/bin/../lib/gcc/avr/4.6.2/../../../../avr/lib\libpololu_atmega328p.a(OrangutanBuzzer.o)
                0x00800128                buzzerFinished
 .data          0x00800132        0x2 c:/other/atmel/atmel studio 6.0/extensions/atmel/avrgcc/3.4.0.65/avrtoolchain/bin/../lib/gcc/avr/4.6.2/../../../../avr/lib\libpololu_atmega328p.a(OrangutanLCD.o)
                0x00800132                numLCDRows
                0x00800133                numLCDCols
 .data          0x00800134        0x5 c:/other/atmel/atmel studio 6.0/extensions/atmel/avrgcc/3.4.0.65/avrtoolchain/bin/../lib/gcc/avr/4.6.2/../../../../avr/lib\libpololu_atmega328p.a(Pololu3pi.o)
 .data          0x00800139        0x6 c:/other/atmel/atmel studio 6.0/extensions/atmel/avrgcc/3.4.0.65/avrtoolchain/bin/../lib/gcc/avr/4.6.2/../../../../avr/lib/avr5\libc.a(malloc.o)
                0x00800139                __malloc_heap_end
                0x0080013b                __malloc_heap_start
                0x0080013d                __malloc_margin
 *(.data*)
 *(.rodata)
 *(.rodata*)
 *(.gnu.linkonce.d*)
                0x00800140                . = ALIGN (0x2)
 *fill*         0x0080013f        0x1 00
                0x00800140                _edata = .
                0x00800140                PROVIDE (__data_end, .)

.bss            0x00800140      0x14f
                0x00800140                PROVIDE (__bss_start, .)
 *(.bss)
 .bss           0x00800140        0x9 main.o
                0x00800140                read_index
                0x00800141                last_proportional
                0x00800143                d_den
                0x00800144                d_num
                0x00800145                p_den
                0x00800146                p_num
                0x00800147                pid_enabled
 .bss           0x00800149        0x9 c:/other/atmel/atmel studio 6.0/extensions/atmel/avrgcc/3.4.0.65/avrtoolchain/bin/../lib/gcc/avr/4.6.2/../../../../avr/lib\libpololu_atmega328p.a(OrangutanBuzzer.o)
                0x00800149                buzzerInitialized
                0x0080014a                buzzerSequence
 .bss           0x00800152        0x9 c:/other/atmel/atmel studio 6.0/extensions/atmel/avrgcc/3.4.0.65/avrtoolchain/bin/../lib/gcc/avr/4.6.2/../../../../avr/lib\libpololu_atmega328p.a(OrangutanLCD.o)
                0x00800152                printf_chars
                0x00800154                row
                0x00800155                col
                0x00800156                lcdTimeout
                0x0080015a                OrangutanLCD::init()::initialized
 .bss           0x0080015b        0x1 c:/other/atmel/atmel studio 6.0/extensions/atmel/avrgcc/3.4.0.65/avrtoolchain/bin/../lib/gcc/avr/4.6.2/../../../../avr/lib\libpololu_atmega328p.a(OrangutanMotors.o)
                0x0080015b                OrangutanMotors::init()::initialized
 .bss           0x0080015c        0xa c:/other/atmel/atmel studio 6.0/extensions/atmel/avrgcc/3.4.0.65/avrtoolchain/bin/../lib/gcc/avr/4.6.2/../../../../avr/lib\libpololu_atmega328p.a(OrangutanSerial.o)
                0x0080015c                OrangutanSerial::ports
 .bss           0x00800166        0xb c:/other/atmel/atmel studio 6.0/extensions/atmel/avrgcc/3.4.0.65/avrtoolchain/bin/../lib/gcc/avr/4.6.2/../../../../avr/lib\libpololu_atmega328p.a(OrangutanTime.o)
                0x00800166                tickCount
                0x0080016a                msCounter
                0x0080016e                us_over_10
                0x00800170                OrangutanTime::init()::initialized
 .bss           0x00800171       0x44 c:/other/atmel/atmel studio 6.0/extensions/atmel/avrgcc/3.4.0.65/avrtoolchain/bin/../lib/gcc/avr/4.6.2/../../../../avr/lib\libpololu_atmega328p.a(Pololu3pi.o)
 .bss           0x008001b5        0x4 c:/other/atmel/atmel studio 6.0/extensions/atmel/avrgcc/3.4.0.65/avrtoolchain/bin/../lib/gcc/avr/4.6.2/../../../../avr/lib\libpololu_atmega328p.a(PololuQTRSensors.o)
 *(.bss*)
 *(COMMON)
 COMMON         0x008001b9       0xd2 main.o
                0x008001b9                buffer
                0x0080021d                music_buffer
                0x00800281                sensors
 COMMON         0x0080028b        0x4 c:/other/atmel/atmel studio 6.0/extensions/atmel/avrgcc/3.4.0.65/avrtoolchain/bin/../lib/gcc/avr/4.6.2/../../../../avr/lib/avr5\libc.a(malloc.o)
                0x0080028b                __brkval
                0x0080028d                __flp
                0x0080028f                PROVIDE (__bss_end, .)
                0x00002b40                __data_load_start = LOADADDR (.data)
                0x00002b80                __data_load_end = (__data_load_start + SIZEOF (.data))

.noinit         0x0080028f        0x0
                0x0080028f                PROVIDE (__noinit_start, .)
 *(.noinit*)
                0x0080028f                PROVIDE (__noinit_end, .)
                0x0080028f                _end = .
                0x0080028f                PROVIDE (__heap_start, .)

.eeprom         0x00810000        0x0
 *(.eeprom*)
                0x00810000                __eeprom_end = .

.fuse
 *(.fuse)
 *(.lfuse)
 *(.hfuse)
 *(.efuse)

.lock
 *(.lock*)

.signature
 *(.signature*)

.stab           0x00000000     0x64f8
 *(.stab)
 .stab          0x00000000      0x6cc c:/other/atmel/atmel studio 6.0/extensions/atmel/avrgcc/3.4.0.65/avrtoolchain/bin/../lib/gcc/avr/4.6.2/../../../../avr/lib/avr5/crtm328p.o
 .stab          0x000006cc      0x8a0 c:/other/atmel/atmel studio 6.0/extensions/atmel/avrgcc/3.4.0.65/avrtoolchain/bin/../lib/gcc/avr/4.6.2/../../../../avr/lib\libpololu_atmega328p.a(OrangutanAnalog.o)
                               0x159c (size before relaxing)
 .stab          0x00000f6c      0xedc c:/other/atmel/atmel studio 6.0/extensions/atmel/avrgcc/3.4.0.65/avrtoolchain/bin/../lib/gcc/avr/4.6.2/../../../../avr/lib\libpololu_atmega328p.a(OrangutanBuzzer.o)
                               0x135c (size before relaxing)
 .stab          0x00001e48     0x10ec c:/other/atmel/atmel studio 6.0/extensions/atmel/avrgcc/3.4.0.65/avrtoolchain/bin/../lib/gcc/avr/4.6.2/../../../../avr/lib\libpololu_atmega328p.a(OrangutanLCD.o)
                               0x1e84 (size before relaxing)
 .stab          0x00002f34      0x858 c:/other/atmel/atmel studio 6.0/extensions/atmel/avrgcc/3.4.0.65/avrtoolchain/bin/../lib/gcc/avr/4.6.2/../../../../avr/lib\libpololu_atmega328p.a(OrangutanMotors.o)
                                0x900 (size before relaxing)
 .stab          0x0000378c      0xb1c c:/other/atmel/atmel studio 6.0/extensions/atmel/avrgcc/3.4.0.65/avrtoolchain/bin/../lib/gcc/avr/4.6.2/../../../../avr/lib\libpololu_atmega328p.a(OrangutanSerial.o)
                               0x1290 (size before relaxing)
 .stab          0x000042a8      0x6e4 c:/other/atmel/atmel studio 6.0/extensions/atmel/avrgcc/3.4.0.65/avrtoolchain/bin/../lib/gcc/avr/4.6.2/../../../../avr/lib\libpololu_atmega328p.a(OrangutanTime.o)
                                0x900 (size before relaxing)
 .stab          0x0000498c      0x7e0 c:/other/atmel/atmel studio 6.0/extensions/atmel/avrgcc/3.4.0.65/avrtoolchain/bin/../lib/gcc/avr/4.6.2/../../../../avr/lib\libpololu_atmega328p.a(Pololu3pi.o)
                                0xde0 (size before relaxing)
 .stab          0x0000516c     0x138c c:/other/atmel/atmel studio 6.0/extensions/atmel/avrgcc/3.4.0.65/avrtoolchain/bin/../lib/gcc/avr/4.6.2/../../../../avr/lib\libpololu_atmega328p.a(PololuQTRSensors.o)
                               0x1cc8 (size before relaxing)

.stabstr        0x00000000     0x9084
 *(.stabstr)
 .stabstr       0x00000000     0x9084 c:/other/atmel/atmel studio 6.0/extensions/atmel/avrgcc/3.4.0.65/avrtoolchain/bin/../lib/gcc/avr/4.6.2/../../../../avr/lib/avr5/crtm328p.o

.stab.excl
 *(.stab.excl)

.stab.exclstr
 *(.stab.exclstr)

.stab.index
 *(.stab.index)

.stab.indexstr
 *(.stab.indexstr)

.comment
 *(.comment)

.debug
 *(.debug)

.line
 *(.line)

.debug_srcinfo
 *(.debug_srcinfo)

.debug_sfnames
 *(.debug_sfnames)

.debug_aranges  0x00000000      0x208
 *(.debug_aranges)
 .debug_aranges
                0x00000000       0x20 main.o
 .debug_aranges
                0x00000020       0x20 c:/other/atmel/atmel studio 6.0/extensions/atmel/avrgcc/3.4.0.65/avrtoolchain/bin/../lib/gcc/avr/4.6.2/avr5\libgcc.a(_mulsi3.o)
 .debug_aranges
                0x00000040       0x20 c:/other/atmel/atmel studio 6.0/extensions/atmel/avrgcc/3.4.0.65/avrtoolchain/bin/../lib/gcc/avr/4.6.2/avr5\libgcc.a(_udivmodqi4.o)
 .debug_aranges
                0x00000060       0x20 c:/other/atmel/atmel studio 6.0/extensions/atmel/avrgcc/3.4.0.65/avrtoolchain/bin/../lib/gcc/avr/4.6.2/avr5\libgcc.a(_udivmodhi4.o)
 .debug_aranges
                0x00000080       0x20 c:/other/atmel/atmel studio 6.0/extensions/atmel/avrgcc/3.4.0.65/avrtoolchain/bin/../lib/gcc/avr/4.6.2/avr5\libgcc.a(_divmodhi4.o)
 .debug_aranges
                0x000000a0       0x20 c:/other/atmel/atmel studio 6.0/extensions/atmel/avrgcc/3.4.0.65/avrtoolchain/bin/../lib/gcc/avr/4.6.2/avr5\libgcc.a(_udivmodsi4.o)
 .debug_aranges
                0x000000c0       0x20 c:/other/atmel/atmel studio 6.0/extensions/atmel/avrgcc/3.4.0.65/avrtoolchain/bin/../lib/gcc/avr/4.6.2/avr5\libgcc.a(_divmodsi4.o)
 .debug_aranges
                0x000000e0       0x20 c:/other/atmel/atmel studio 6.0/extensions/atmel/avrgcc/3.4.0.65/avrtoolchain/bin/../lib/gcc/avr/4.6.2/avr5\libgcc.a(_prologue.o)
 .debug_aranges
                0x00000100       0x20 c:/other/atmel/atmel studio 6.0/extensions/atmel/avrgcc/3.4.0.65/avrtoolchain/bin/../lib/gcc/avr/4.6.2/avr5\libgcc.a(_epilogue.o)
 .debug_aranges
                0x00000120       0x20 c:/other/atmel/atmel studio 6.0/extensions/atmel/avrgcc/3.4.0.65/avrtoolchain/bin/../lib/gcc/avr/4.6.2/avr5\libgcc.a(_exit.o)
 .debug_aranges
                0x00000140       0x20 c:/other/atmel/atmel studio 6.0/extensions/atmel/avrgcc/3.4.0.65/avrtoolchain/bin/../lib/gcc/avr/4.6.2/avr5\libgcc.a(_tablejump.o)
 .debug_aranges
                0x00000160       0x20 c:/other/atmel/atmel studio 6.0/extensions/atmel/avrgcc/3.4.0.65/avrtoolchain/bin/../lib/gcc/avr/4.6.2/avr5\libgcc.a(_copy_data.o)
 .debug_aranges
                0x00000180       0x20 c:/other/atmel/atmel studio 6.0/extensions/atmel/avrgcc/3.4.0.65/avrtoolchain/bin/../lib/gcc/avr/4.6.2/avr5\libgcc.a(_clear_bss.o)
 .debug_aranges
                0x000001a0       0x20 c:/other/atmel/atmel studio 6.0/extensions/atmel/avrgcc/3.4.0.65/avrtoolchain/bin/../lib/gcc/avr/4.6.2/avr5\libgcc.a(_ctors.o)
 .debug_aranges
                0x000001c0       0x20 c:/other/atmel/atmel studio 6.0/extensions/atmel/avrgcc/3.4.0.65/avrtoolchain/bin/../lib/gcc/avr/4.6.2/avr5\libgcc.a(_dtors.o)
 .debug_aranges
                0x000001e0       0x28 c:/other/atmel/atmel studio 6.0/extensions/atmel/avrgcc/3.4.0.65/avrtoolchain/bin/../lib/gcc/avr/4.6.2/../../../../avr/lib/avr5\libc.a(malloc.o)

.debug_pubnames
 *(.debug_pubnames)

.debug_info     0x00000000     0x1513
 *(.debug_info)
 .debug_info    0x00000000      0x667 main.o
 .debug_info    0x00000667       0xdd c:/other/atmel/atmel studio 6.0/extensions/atmel/avrgcc/3.4.0.65/avrtoolchain/bin/../lib/gcc/avr/4.6.2/avr5\libgcc.a(_mulsi3.o)
 .debug_info    0x00000744       0xdd c:/other/atmel/atmel studio 6.0/extensions/atmel/avrgcc/3.4.0.65/avrtoolchain/bin/../lib/gcc/avr/4.6.2/avr5\libgcc.a(_udivmodqi4.o)
 .debug_info    0x00000821       0xdd c:/other/atmel/atmel studio 6.0/extensions/atmel/avrgcc/3.4.0.65/avrtoolchain/bin/../lib/gcc/avr/4.6.2/avr5\libgcc.a(_udivmodhi4.o)
 .debug_info    0x000008fe       0xdd c:/other/atmel/atmel studio 6.0/extensions/atmel/avrgcc/3.4.0.65/avrtoolchain/bin/../lib/gcc/avr/4.6.2/avr5\libgcc.a(_divmodhi4.o)
 .debug_info    0x000009db       0xdd c:/other/atmel/atmel studio 6.0/extensions/atmel/avrgcc/3.4.0.65/avrtoolchain/bin/../lib/gcc/avr/4.6.2/avr5\libgcc.a(_udivmodsi4.o)
 .debug_info    0x00000ab8       0xdd c:/other/atmel/atmel studio 6.0/extensions/atmel/avrgcc/3.4.0.65/avrtoolchain/bin/../lib/gcc/avr/4.6.2/avr5\libgcc.a(_divmodsi4.o)
 .debug_info    0x00000b95       0xdd c:/other/atmel/atmel studio 6.0/extensions/atmel/avrgcc/3.4.0.65/avrtoolchain/bin/../lib/gcc/avr/4.6.2/avr5\libgcc.a(_prologue.o)
 .debug_info    0x00000c72       0xdd c:/other/atmel/atmel studio 6.0/extensions/atmel/avrgcc/3.4.0.65/avrtoolchain/bin/../lib/gcc/avr/4.6.2/avr5\libgcc.a(_epilogue.o)
 .debug_info    0x00000d4f       0xdd c:/other/atmel/atmel studio 6.0/extensions/atmel/avrgcc/3.4.0.65/avrtoolchain/bin/../lib/gcc/avr/4.6.2/avr5\libgcc.a(_exit.o)
 .debug_info    0x00000e2c       0xdd c:/other/atmel/atmel studio 6.0/extensions/atmel/avrgcc/3.4.0.65/avrtoolchain/bin/../lib/gcc/avr/4.6.2/avr5\libgcc.a(_tablejump.o)
 .debug_info    0x00000f09       0xdd c:/other/atmel/atmel studio 6.0/extensions/atmel/avrgcc/3.4.0.65/avrtoolchain/bin/../lib/gcc/avr/4.6.2/avr5\libgcc.a(_copy_data.o)
 .debug_info    0x00000fe6       0xdd c:/other/atmel/atmel studio 6.0/extensions/atmel/avrgcc/3.4.0.65/avrtoolchain/bin/../lib/gcc/avr/4.6.2/avr5\libgcc.a(_clear_bss.o)
 .debug_info    0x000010c3       0xdd c:/other/atmel/atmel studio 6.0/extensions/atmel/avrgcc/3.4.0.65/avrtoolchain/bin/../lib/gcc/avr/4.6.2/avr5\libgcc.a(_ctors.o)
 .debug_info    0x000011a0       0xdd c:/other/atmel/atmel studio 6.0/extensions/atmel/avrgcc/3.4.0.65/avrtoolchain/bin/../lib/gcc/avr/4.6.2/avr5\libgcc.a(_dtors.o)
 .debug_info    0x0000127d      0x296 c:/other/atmel/atmel studio 6.0/extensions/atmel/avrgcc/3.4.0.65/avrtoolchain/bin/../lib/gcc/avr/4.6.2/../../../../avr/lib/avr5\libc.a(malloc.o)
 *(.gnu.linkonce.wi.*)

.debug_abbrev   0x00000000      0x402
 *(.debug_abbrev)
 .debug_abbrev  0x00000000      0x1f5 main.o
 .debug_abbrev  0x000001f5       0x14 c:/other/atmel/atmel studio 6.0/extensions/atmel/avrgcc/3.4.0.65/avrtoolchain/bin/../lib/gcc/avr/4.6.2/avr5\libgcc.a(_mulsi3.o)
 .debug_abbrev  0x00000209       0x14 c:/other/atmel/atmel studio 6.0/extensions/atmel/avrgcc/3.4.0.65/avrtoolchain/bin/../lib/gcc/avr/4.6.2/avr5\libgcc.a(_udivmodqi4.o)
 .debug_abbrev  0x0000021d       0x14 c:/other/atmel/atmel studio 6.0/extensions/atmel/avrgcc/3.4.0.65/avrtoolchain/bin/../lib/gcc/avr/4.6.2/avr5\libgcc.a(_udivmodhi4.o)
 .debug_abbrev  0x00000231       0x14 c:/other/atmel/atmel studio 6.0/extensions/atmel/avrgcc/3.4.0.65/avrtoolchain/bin/../lib/gcc/avr/4.6.2/avr5\libgcc.a(_divmodhi4.o)
 .debug_abbrev  0x00000245       0x14 c:/other/atmel/atmel studio 6.0/extensions/atmel/avrgcc/3.4.0.65/avrtoolchain/bin/../lib/gcc/avr/4.6.2/avr5\libgcc.a(_udivmodsi4.o)
 .debug_abbrev  0x00000259       0x14 c:/other/atmel/atmel studio 6.0/extensions/atmel/avrgcc/3.4.0.65/avrtoolchain/bin/../lib/gcc/avr/4.6.2/avr5\libgcc.a(_divmodsi4.o)
 .debug_abbrev  0x0000026d       0x14 c:/other/atmel/atmel studio 6.0/extensions/atmel/avrgcc/3.4.0.65/avrtoolchain/bin/../lib/gcc/avr/4.6.2/avr5\libgcc.a(_prologue.o)
 .debug_abbrev  0x00000281       0x14 c:/other/atmel/atmel studio 6.0/extensions/atmel/avrgcc/3.4.0.65/avrtoolchain/bin/../lib/gcc/avr/4.6.2/avr5\libgcc.a(_epilogue.o)
 .debug_abbrev  0x00000295       0x14 c:/other/atmel/atmel studio 6.0/extensions/atmel/avrgcc/3.4.0.65/avrtoolchain/bin/../lib/gcc/avr/4.6.2/avr5\libgcc.a(_exit.o)
 .debug_abbrev  0x000002a9       0x14 c:/other/atmel/atmel studio 6.0/extensions/atmel/avrgcc/3.4.0.65/avrtoolchain/bin/../lib/gcc/avr/4.6.2/avr5\libgcc.a(_tablejump.o)
 .debug_abbrev  0x000002bd       0x14 c:/other/atmel/atmel studio 6.0/extensions/atmel/avrgcc/3.4.0.65/avrtoolchain/bin/../lib/gcc/avr/4.6.2/avr5\libgcc.a(_copy_data.o)
 .debug_abbrev  0x000002d1       0x14 c:/other/atmel/atmel studio 6.0/extensions/atmel/avrgcc/3.4.0.65/avrtoolchain/bin/../lib/gcc/avr/4.6.2/avr5\libgcc.a(_clear_bss.o)
 .debug_abbrev  0x000002e5       0x14 c:/other/atmel/atmel studio 6.0/extensions/atmel/avrgcc/3.4.0.65/avrtoolchain/bin/../lib/gcc/avr/4.6.2/avr5\libgcc.a(_ctors.o)
 .debug_abbrev  0x000002f9       0x14 c:/other/atmel/atmel studio 6.0/extensions/atmel/avrgcc/3.4.0.65/avrtoolchain/bin/../lib/gcc/avr/4.6.2/avr5\libgcc.a(_dtors.o)
 .debug_abbrev  0x0000030d       0xf5 c:/other/atmel/atmel studio 6.0/extensions/atmel/avrgcc/3.4.0.65/avrtoolchain/bin/../lib/gcc/avr/4.6.2/../../../../avr/lib/avr5\libc.a(malloc.o)

.debug_line     0x00000000      0xd2c
 *(.debug_line)
 .debug_line    0x00000000      0x310 main.o
 .debug_line    0x00000310       0xa5 c:/other/atmel/atmel studio 6.0/extensions/atmel/avrgcc/3.4.0.65/avrtoolchain/bin/../lib/gcc/avr/4.6.2/avr5\libgcc.a(_mulsi3.o)
 .debug_line    0x000003b5       0x92 c:/other/atmel/atmel studio 6.0/extensions/atmel/avrgcc/3.4.0.65/avrtoolchain/bin/../lib/gcc/avr/4.6.2/avr5\libgcc.a(_udivmodqi4.o)
 .debug_line    0x00000447       0x9a c:/other/atmel/atmel studio 6.0/extensions/atmel/avrgcc/3.4.0.65/avrtoolchain/bin/../lib/gcc/avr/4.6.2/avr5\libgcc.a(_udivmodhi4.o)
 .debug_line    0x000004e1       0x99 c:/other/atmel/atmel studio 6.0/extensions/atmel/avrgcc/3.4.0.65/avrtoolchain/bin/../lib/gcc/avr/4.6.2/avr5\libgcc.a(_divmodhi4.o)
 .debug_line    0x0000057a       0xa8 c:/other/atmel/atmel studio 6.0/extensions/atmel/avrgcc/3.4.0.65/avrtoolchain/bin/../lib/gcc/avr/4.6.2/avr5\libgcc.a(_udivmodsi4.o)
 .debug_line    0x00000622       0xa1 c:/other/atmel/atmel studio 6.0/extensions/atmel/avrgcc/3.4.0.65/avrtoolchain/bin/../lib/gcc/avr/4.6.2/avr5\libgcc.a(_divmodsi4.o)
 .debug_line    0x000006c3       0xa2 c:/other/atmel/atmel studio 6.0/extensions/atmel/avrgcc/3.4.0.65/avrtoolchain/bin/../lib/gcc/avr/4.6.2/avr5\libgcc.a(_prologue.o)
 .debug_line    0x00000765       0xa1 c:/other/atmel/atmel studio 6.0/extensions/atmel/avrgcc/3.4.0.65/avrtoolchain/bin/../lib/gcc/avr/4.6.2/avr5\libgcc.a(_epilogue.o)
 .debug_line    0x00000806       0x88 c:/other/atmel/atmel studio 6.0/extensions/atmel/avrgcc/3.4.0.65/avrtoolchain/bin/../lib/gcc/avr/4.6.2/avr5\libgcc.a(_exit.o)
 .debug_line    0x0000088e       0x8c c:/other/atmel/atmel studio 6.0/extensions/atmel/avrgcc/3.4.0.65/avrtoolchain/bin/../lib/gcc/avr/4.6.2/avr5\libgcc.a(_tablejump.o)
 .debug_line    0x0000091a       0x91 c:/other/atmel/atmel studio 6.0/extensions/atmel/avrgcc/3.4.0.65/avrtoolchain/bin/../lib/gcc/avr/4.6.2/avr5\libgcc.a(_copy_data.o)
 .debug_line    0x000009ab       0x8e c:/other/atmel/atmel studio 6.0/extensions/atmel/avrgcc/3.4.0.65/avrtoolchain/bin/../lib/gcc/avr/4.6.2/avr5\libgcc.a(_clear_bss.o)
 .debug_line    0x00000a39       0x90 c:/other/atmel/atmel studio 6.0/extensions/atmel/avrgcc/3.4.0.65/avrtoolchain/bin/../lib/gcc/avr/4.6.2/avr5\libgcc.a(_ctors.o)
 .debug_line    0x00000ac9       0x90 c:/other/atmel/atmel studio 6.0/extensions/atmel/avrgcc/3.4.0.65/avrtoolchain/bin/../lib/gcc/avr/4.6.2/avr5\libgcc.a(_dtors.o)
 .debug_line    0x00000b59      0x1d3 c:/other/atmel/atmel studio 6.0/extensions/atmel/avrgcc/3.4.0.65/avrtoolchain/bin/../lib/gcc/avr/4.6.2/../../../../avr/lib/avr5\libc.a(malloc.o)

.debug_frame    0x00000000      0x2c8
 *(.debug_frame)
 .debug_frame   0x00000000      0x274 main.o
 .debug_frame   0x00000274       0x54 c:/other/atmel/atmel studio 6.0/extensions/atmel/avrgcc/3.4.0.65/avrtoolchain/bin/../lib/gcc/avr/4.6.2/../../../../avr/lib/avr5\libc.a(malloc.o)

.debug_str      0x00000000      0x3c9
 *(.debug_str)
 .debug_str     0x00000000      0x2d7 main.o
                                0x350 (size before relaxing)
 .debug_str     0x000002d7       0xf2 c:/other/atmel/atmel studio 6.0/extensions/atmel/avrgcc/3.4.0.65/avrtoolchain/bin/../lib/gcc/avr/4.6.2/../../../../avr/lib/avr5\libc.a(malloc.o)
                                0x16a (size before relaxing)

.debug_loc      0x00000000      0xa04
 *(.debug_loc)
 .debug_loc     0x00000000      0x5e3 main.o
 .debug_loc     0x000005e3      0x421 c:/other/atmel/atmel studio 6.0/extensions/atmel/avrgcc/3.4.0.65/avrtoolchain/bin/../lib/gcc/avr/4.6.2/../../../../avr/lib/avr5\libc.a(malloc.o)

.debug_macinfo
 *(.debug_macinfo)
OUTPUT(3pi_app1.elf elf32-avr)
LOAD linker stubs

.debug_ranges   0x00000000       0x18
 .debug_ranges  0x00000000       0x18 c:/other/atmel/atmel studio 6.0/extensions/atmel/avrgcc/3.4.0.65/avrtoolchain/bin/../lib/gcc/avr/4.6.2/../../../../avr/lib/avr5\libc.a(malloc.o)
